Microchip MPLAB XC8 Compiler V2.30

Linker command line:

-W-3 --edf=C:\Program Files\Microchip\xc8\v2.30\pic\dat\en_msgs.txt -cn \
  -h+dist/default/production\Lab09.X.production.sym \
  --cmf=dist/default/production\Lab09.X.production.cmf -z -Q18F26K22 \
  -oC:\Users\fialk\AppData\Local\Temp\sidsx2 --defsym=__MPLAB_BUILD=1 \
  -Mdist/default/production/Lab09.X.production.map -E1 -ver=XC8 Compiler \
  --acfsm=1493 -ASTACK=04F4h-0F37h -pstack=STACK -ACODE=00h-0FFFFh \
  -ACONST=00h-0FFFFh -ASMALLCONST=01000h-010FFhx240 \
  -AMEDIUMCONST=01000h-0FFFFh -ACOMRAM=01h-05Fh -AABS1=00h-0F37h \
  -ABIGRAM=01h-0F37h -ARAM=060h-0FFh,0100h-01FFhx14,0F00h-0F37h \
  -ABANK0=060h-0FFh -ABANK1=0100h-01FFh -ABANK2=0200h-02FFh \
  -ABANK3=0300h-03FFh -ABANK4=0400h-04FFh -ABANK5=0500h-05FFh \
  -ABANK6=0600h-06FFh -ABANK7=0700h-07FFh -ABANK8=0800h-08FFh \
  -ABANK9=0900h-09FFh -ABANK10=0A00h-0AFFh -ABANK11=0B00h-0BFFh \
  -ABANK12=0C00h-0CFFh -ABANK13=0D00h-0DFFh -ABANK14=0E00h-0EFFh \
  -ABANK15=0F00h-0F37h -ASFR=0F38h-0F5Fh,0F60h-0FFFh \
  -ACONFIG=0300000h-030000Dh -AIDLOC=0200000h-0200007h \
  -AEEDATA=0F00000h-0F003FFh -peeprom_data=EEDATA \
  -preset_vec=00h,intcode=08h,intcodelo,powerup,init -pramtop=01000h \
  -psmallconst=SMALLCONST -pmediumconst=MEDIUMCONST -pconst=CONST \
  -AFARRAM=00h-00h \
  -prdata=COMRAM,nvrram=COMRAM,nvbit=COMRAM,rbss=COMRAM,rbit=COMRAM \
  -pfarbss=FARRAM,fardata=FARRAM,nvFARRAM=FARRAM \
  -pintsave_regs=BIGRAM,bigbss=BIGRAM,bigdata=BIGRAM -pbss=RAM \
  -pidata=CODE,irdata=CODE,ibigdata=CODE,ifardata=CODE -prparam=COMRAM \
  C:\Users\fialk\AppData\Local\Temp\sidsxd.o \
  dist/default/production\Lab09.X.production.o 

Object code version is 3.11

Machine type is 18F26K22



                Name                               Link     Load   Length Selector   Space Scale
C:\Users\fialk\AppData\Local\Temp\sidsxd.o
                idloc                            200000   200000        8        0       5
                config                           300000   300000        E        0       4
                init                                 4E       4E        4        4       0
                reset_vec                             0        0        4        0       0
dist/default/production\Lab09.X.production.o
                intcode                               8        8       46        4       0
                idloc                            200000   200000        8        0       5
                config                           300000   300000        E        0       4
                temp                                 4D       4D        1        1       1
                mediumconst                        F93C     F93C      6C4     7C9E       0
                text55                             2B2A     2B2A       1E        4       0
                text54                             2C10     2C10        A        4       0
                text53                             1F22     1F22      112        4       0
                text52                             2C24     2C24        2        4       0
                text51                             2A50     2A50       36        4       0
                text49                             2ADC     2ADC       28        4       0
                text48                             2BAE     2BAE       14        4       0
                text47                             2B7E     2B7E       1A        4       0
                text46                             2B04     2B04       26        4       0
                text45                             29AC     29AC       38        4       0
                text44                             2766     2766       52        4       0
                text43                             1924     1924      19A        4       0
                text42                             2B98     2B98       16        4       0
                text41                             2C06     2C06        A        4       0
                text40                             2580     2580       96        4       0
                text39                             2124     2124       D4        4       0
                text38                             1ABE     1ABE      188        4       0
                text37                             1DBE     1DBE      164        4       0
                text36                             284A     284A       40        4       0
                text35                             2806     2806       44        4       0
                text34                             2A1A     2A1A       36        4       0
                text33                             22C8     22C8       C2        4       0
                text32                              F76      F76      2E2        4       0
                text31                             2034     2034       F0        4       0
                text30                             21F8     21F8       D0        4       0
                text29                             1532     1532      206        4       0
                text28                             28C8     28C8       3C        4       0
                text27                             2974     2974       38        4       0
                text26                             293C     293C       38        4       0
                text25                             2708     2708       5E        4       0
                text24                             1258     1258      2DA        4       0
                text23                              9F2      9F2      584        4       0
                text22                             26A4     26A4       64        4       0
                text21                             2AB4     2AB4       28        4       0
                text20                             1C46     1C46      178        4       0
                text19                             2904     2904       38        4       0
                text18                             24E6     24E6       9A        4       0
                text17                             2616     2616       8E        4       0
                text16                             2C1E     2C1E        4        4       0
                text15                             243A     243A       AC        4       0
                text14                             2BFC     2BFC        A        4       0
                text13                             2BF2     2BF2        A        4       0
                text12                             2BE8     2BE8        A        4       0
                text11                             288A     288A       3E        4       0
                text10                             2C1A     2C1A        4        4       0
                text9                              2B48     2B48       1C        4       0
                text8                              2A86     2A86       2E        4       0
                text7                              2BC2     2BC2       12        4       0
                text6                              2BDE     2BDE        A        4       0
                text5                              29E4     29E4       36        4       0
                text4                              2B64     2B64       1A        4       0
                text3                              2BD4     2BD4        A        4       0
                text2                              238A     238A       B0        4       0
                text1                              1738     1738      1EC        4       0
                text0                                52       52      9A0        4       0
                cstackCOMRAM                          1        1       3B        1       1
                cstackBANK0                          60       60       6A       60       1
                bssBIGRAM                            F4       F4      400       F4       1
                dataBANK0                            F2       F2        2       60       1
                bssBANK0                             CA       CA       28       60       1
                bssCOMRAM                            3C       3C       11        1       1
                cinit                              27B8     27B8       4E        4       0
                idataBANK0                         2C22     2C22        2        4       0

TOTAL           Name                               Link     Load   Length     Space
        CLASS   STACK          

        CLASS   CODE           
                intcode                               8        8       46         0
                init                                 4E       4E        4         0
                reset_vec                             0        0        4         0
                text55                             2B2A     2B2A       1E         0
                text54                             2C10     2C10        A         0
                text53                             1F22     1F22      112         0
                text52                             2C24     2C24        2         0
                text51                             2A50     2A50       36         0
                text49                             2ADC     2ADC       28         0
                text48                             2BAE     2BAE       14         0
                text47                             2B7E     2B7E       1A         0
                text46                             2B04     2B04       26         0
                text45                             29AC     29AC       38         0
                text44                             2766     2766       52         0
                text43                             1924     1924      19A         0
                text42                             2B98     2B98       16         0
                text41                             2C06     2C06        A         0
                text40                             2580     2580       96         0
                text39                             2124     2124       D4         0
                text38                             1ABE     1ABE      188         0
                text37                             1DBE     1DBE      164         0
                text36                             284A     284A       40         0
                text35                             2806     2806       44         0
                text34                             2A1A     2A1A       36         0
                text33                             22C8     22C8       C2         0
                text32                              F76      F76      2E2         0
                text31                             2034     2034       F0         0
                text30                             21F8     21F8       D0         0
                text29                             1532     1532      206         0
                text28                             28C8     28C8       3C         0
                text27                             2974     2974       38         0
                text26                             293C     293C       38         0
                text25                             2708     2708       5E         0
                text24                             1258     1258      2DA         0
                text23                              9F2      9F2      584         0
                text22                             26A4     26A4       64         0
                text21                             2AB4     2AB4       28         0
                text20                             1C46     1C46      178         0
                text19                             2904     2904       38         0
                text18                             24E6     24E6       9A         0
                text17                             2616     2616       8E         0
                text16                             2C1E     2C1E        4         0
                text15                             243A     243A       AC         0
                text14                             2BFC     2BFC        A         0
                text13                             2BF2     2BF2        A         0
                text12                             2BE8     2BE8        A         0
                text11                             288A     288A       3E         0
                text10                             2C1A     2C1A        4         0
                text9                              2B48     2B48       1C         0
                text8                              2A86     2A86       2E         0
                text7                              2BC2     2BC2       12         0
                text6                              2BDE     2BDE        A         0
                text5                              29E4     29E4       36         0
                text4                              2B64     2B64       1A         0
                text3                              2BD4     2BD4        A         0
                text2                              238A     238A       B0         0
                text1                              1738     1738      1EC         0
                text0                                52       52      9A0         0
                cinit                              27B8     27B8       4E         0
                idataBANK0                         2C22     2C22        2         0

        CLASS   CONST          

        CLASS   SMALLCONST     

        CLASS   MEDIUMCONST    
                mediumconst                        F93C     F93C      6C4         0

        CLASS   COMRAM         
                temp                                 4D       4D        1         1
                cstackCOMRAM                          1        1       3B         1
                bssCOMRAM                            3C       3C       11         1

        CLASS   ABS1           

        CLASS   BIGRAM         
                bssBIGRAM                            F4       F4      400         1

        CLASS   RAM            

        CLASS   BANK0          
                cstackBANK0                          60       60       6A         1
                dataBANK0                            F2       F2        2         1
                bssBANK0                             CA       CA       28         1

        CLASS   BANK1          

        CLASS   BANK2          

        CLASS   BANK3          

        CLASS   BANK4          

        CLASS   BANK5          

        CLASS   BANK6          

        CLASS   BANK7          

        CLASS   BANK8          

        CLASS   BANK9          

        CLASS   BANK10         

        CLASS   BANK11         

        CLASS   BANK12         

        CLASS   BANK13         

        CLASS   BANK14         

        CLASS   BANK15         

        CLASS   SFR            

        CLASS   CONFIG         
                config                           300000   300000        E         4

        CLASS   IDLOC          
                idloc                            200000   200000        8         5

        CLASS   EEDATA         

        CLASS   FARRAM         



SEGMENTS        Name                           Load    Length   Top    Selector   Space  Class

                reset_vec                      000000  000004  000004         0       0  CODE    
                cstackCOMRAM                   000001  00004D  00004E         1       1  COMRAM  
                intcode                        000008  002C1E  002C26         4       0  CODE    
                cstackBANK0                    000060  000094  0000F4        60       1  BANK0   
                bssBIGRAM                      0000F4  000400  0004F4        F4       1  BIGRAM  
                mediumconst                    00F93C  0006C4  010000      7C9E       0  MEDIUMCO


UNUSED ADDRESS RANGES

        Name                Unused          Largest block    Delta
        BANK10           000A00-000AFF              100
        BANK11           000B00-000BFF              100
        BANK12           000C00-000CFF              100
        BANK13           000D00-000DFF              100
        BANK14           000E00-000EFF              100
        BANK15           000F00-000F37               38
        BANK4            0004F4-0004FF                C
        BANK5            000500-0005FF              100
        BANK6            000600-0006FF              100
        BANK7            000700-0007FF              100
        BANK8            000800-0008FF              100
        BANK9            000900-0009FF              100
        BIGRAM           00004E-00005F               12
                         0004F4-000F37              A44
        CODE             000004-000007                4
                         002C26-00F93B             CD16
        COMRAM           00004E-00005F               12
        CONST            000004-000007                4
                         002C26-00F93B             CD16
        EEDATA           F00000-F003FF              400
        MEDIUMCONST      002C26-00F93B             CD16
        RAM              0004F4-000F37              100
        SFR              000F38-000FFF               28
        SMALLCONST       002C26-00F93B              100
        STACK            0004F4-000F37              A44

                                  Symbol Table

?_TMR0_ReadTimer                                cstackCOMRAM 000001
?___aodiv                                       cstackCOMRAM 000012
?___aomod                                       cstackCOMRAM 000012
?___awmod                                       cstackCOMRAM 000012
?___lodiv                                       cstackCOMRAM 000012
?___lomod                                       cstackCOMRAM 000012
?___wmul                                        cstackCOMRAM 000012
?_abs                                           cstackCOMRAM 000024
?_atoi                                          cstackCOMRAM 000019
?_ctoa                                          cstackCOMRAM 00001D
?_dtoa                                          cstackCOMRAM 00002F
?_isalpha                                       cstackCOMRAM 000012
?_isdigit                                       cstackCOMRAM 000012
?_islower                                       cstackCOMRAM 000012
?_isspace                                       cstackCOMRAM 000012
?_isupper                                       cstackCOMRAM 000012
?_pad                                           cstackCOMRAM 000024
?_printf                                        cstackBANK0  0000A1
?_strlen                                        cstackCOMRAM 000012
?_toupper                                       cstackCOMRAM 000018
?_utoa                                          cstackCOMRAM 00002F
?_vfpfcnvrt                                     cstackBANK0  00007C
?_vfprintf                                      cstackBANK0  00009B
?_xtoa                                          cstackCOMRAM 00002F
EUSART1_SetErrorHandler@interruptHandler        cstackCOMRAM 000012
EUSART1_SetFramingErrorHandler@interruptHandler cstackCOMRAM 000012
EUSART1_SetOverrunErrorHandler@interruptHandler cstackCOMRAM 000012
EUSART1_Write@txData                            cstackCOMRAM 000012
SDCARD_Initialize@i                             cstackBANK0  0000AB
SDCARD_Initialize@response                      cstackBANK0  0000AE
SDCARD_Initialize@verbose                       cstackBANK0  0000AD
SDCARD_PollWriteComplete@status                 cstackCOMRAM 000013
SDCARD_ReadBlock@addr                           cstackCOMRAM 000013
SDCARD_ReadBlock@i                              cstackCOMRAM 000019
SDCARD_ReadBlock@sdCardBuffer                   cstackCOMRAM 000017
SDCARD_WriteBlock@addr                          cstackCOMRAM 000013
SDCARD_WriteBlock@i                             cstackCOMRAM 000019
SDCARD_WriteBlock@sdCardBuffer                  cstackCOMRAM 000017
SPI2_ExchangeByte@data                          cstackCOMRAM 000012
SPI2_Open@spi2UniqueConfiguration               cstackCOMRAM 000013
TMR0_ReadTimer@readVal                          cstackCOMRAM 000005
TMR0_ReadTimer@readValHigh                      cstackCOMRAM 000008
TMR0_ReadTimer@readValLow                       cstackCOMRAM 000007
TMR0_SetInterruptHandler@InterruptHandler       cstackCOMRAM 000012
TMR0_WriteTimer@timerVal                        cstackCOMRAM 000012
_ADCON0bits                                     (abs)        000FC2
_ADRESH                                         (abs)        000FC4
_ANSELA                                         (abs)        000F38
_ANSELB                                         (abs)        000F39
_ANSELC                                         (abs)        000F3A
_BAUDCON1                                       (abs)        000FB8
_EUSART1_DefaultErrorHandler                    (abs)        000000
_EUSART1_DefaultFramingErrorHandler             (abs)        000000
_EUSART1_DefaultOverrunErrorHandler             (abs)        000000
_EUSART1_ErrorHandler                           bssBANK0     0000CC
_EUSART1_FramingErrorHandler                    bssCOMRAM    000042
_EUSART1_Initialize                             text11       00288A
_EUSART1_OverrunErrorHandler                    bssBANK0     0000CE
_EUSART1_Read                                   text49       002ADC
_EUSART1_SetErrorHandler                        text14       002BFC
_EUSART1_SetFramingErrorHandler                 text13       002BF2
_EUSART1_SetOverrunErrorHandler                 text12       002BE8
_EUSART1_Write                                  text42       002B98
_EUSART1_is_rx_ready                            text48       002BAE
_INTCON2bits                                    (abs)        000FF1
_INTCONbits                                     (abs)        000FF2
_INTERRUPT_Initialize                           text10       002C1A
_INTERRUPT_InterruptManager                     intcode      000008
_LATA                                           (abs)        000F89
_LATB                                           (abs)        000F8A
_LATBbits                                       (abs)        000F8A
_LATC                                           (abs)        000F8B
_LATCbits                                       (abs)        000F8B
_OSCCON                                         (abs)        000FD3
_OSCCON2                                        (abs)        000FD2
_OSCILLATOR_Initialize                          text9        002B48
_OSCTUNE                                        (abs)        000F9B
_PIN_MANAGER_Initialize                         text8        002A86
_PIR1bits                                       (abs)        000F9E
_PIR3bits                                       (abs)        000FA4
_PLLRDY                                         (abs)        007E97
_RCONbits                                       (abs)        000FD0
_RCREG1                                         (abs)        000FAE
_RCSTA1                                         (abs)        000FAB
_RCSTA1bits                                     (abs)        000FAB
_SDCARD_Initialize                              text20       001C46
_SDCARD_PollWriteComplete                       text19       002904
_SDCARD_ReadBlock                               text18       0024E6
_SDCARD_WriteBlock                              text17       002616
_SPBRG1                                         (abs)        000FAF
_SPBRGH1                                        (abs)        000FB0
_SPI2_Close                                     text16       002C1E
_SPI2_ExchangeByte                              text47       002B7E
_SPI2_Initialize                                text7        002BC2
_SPI2_Open                                      text15       00243A
_SSP2ADD                                        (abs)        000F6E
_SSP2BUF                                        (abs)        000F6F
_SSP2CON1                                       (abs)        000F6C
_SSP2CON1bits                                   (abs)        000F6C
_SSP2CON2                                       (abs)        000F6B
_SSP2STAT                                       (abs)        000F6D
_SYSTEM_Initialize                              text4        002B64
_T0CON                                          (abs)        000FD5
_T0CONbits                                      (abs)        000FD5
_TMR0H                                          (abs)        000FD7
_TMR0L                                          (abs)        000FD6
_TMR0_DefaultInterruptHandler                   text52       002C24
_TMR0_ISR                                       text51       002A50
_TMR0_Initialize                                text5        0029E4
_TMR0_InterruptHandler                          bssCOMRAM    000048
_TMR0_ReadTimer                                 text55       002B2A
_TMR0_SetInterruptHandler                       text6        002BDE
_TMR0_WriteTimer                                text3        002BD4
_TRISA                                          (abs)        000F92
_TRISB                                          (abs)        000F93
_TRISBbits                                      (abs)        000F93
_TRISC                                          (abs)        000F94
_TXREG1                                         (abs)        000FAD
_TXSTA1                                         (abs)        000FAC
_TXSTA1bits                                     (abs)        000FAC
_WPUB                                           (abs)        000F61
__HRAM                                          (abs)        000000
__Habs1                                         abs1         000000
__Hbank0                                        bank0        000000
__Hbank1                                        bank1        000000
__Hbank10                                       bank10       000000
__Hbank11                                       bank11       000000
__Hbank12                                       bank12       000000
__Hbank13                                       bank13       000000
__Hbank14                                       bank14       000000
__Hbank15                                       bank15       000000
__Hbank2                                        bank2        000000
__Hbank3                                        bank3        000000
__Hbank4                                        bank4        000000
__Hbank5                                        bank5        000000
__Hbank6                                        bank6        000000
__Hbank7                                        bank7        000000
__Hbank8                                        bank8        000000
__Hbank9                                        bank9        000000
__Hbigbss                                       bigbss       000000
__Hbigdata                                      bigdata      000000
__Hbigram                                       bigram       000000
__Hbss                                          bss          000000
__HbssBANK0                                     bssBANK0     000000
__HbssBIGRAM                                    bssBIGRAM    000000
__HbssCOMRAM                                    bssCOMRAM    000000
__Hcinit                                        cinit        000000
__Hclrtext                                      clrtext      000000
__Hcomram                                       comram       000000
__Hconfig                                       config       30000E
__Hconst                                        const        000000
__HcstackBANK0                                  cstackBANK0  000000
__HcstackCOMRAM                                 cstackCOMRAM 000000
__Hdata                                         data         000000
__HdataBANK0                                    dataBANK0    000000
__Heeprom_data                                  eeprom_data  000000
__Hfarbss                                       farbss       000000
__Hfardata                                      fardata      000000
__Hibigdata                                     ibigdata     000000
__Hidata                                        idata        000000
__HidataBANK0                                   idataBANK0   000000
__Hidloc                                        idloc        200008
__Hifardata                                     ifardata     000000
__Hinit                                         init         000052
__Hintcode                                      intcode      00004E
__Hintcode_body                                 intcode_body 000000
__Hintcodelo                                    intcodelo    00004E
__Hintentry                                     intentry     000000
__Hintret                                       intret       000000
__Hintsave_regs                                 intsave_regs 000000
__Hirdata                                       irdata       000000
__Hmediumconst                                  mediumconst  010000
__HnvFARRAM                                     nvFARRAM     000000
__Hnvbit                                        nvbit        000000
__Hnvrram                                       nvrram       000000
__Hparam                                        rparam       000000
__Hpowerup                                      powerup      00004E
__Hram                                          ram          000000
__Hramtop                                       ramtop       001000
__Hrbit                                         rbit         000000
__Hrbss                                         rbss         000000
__Hrdata                                        rdata        000000
__Hreset_vec                                    reset_vec    000004
__Hrparam                                       rparam       000000
__Hsfr                                          sfr          000000
__Hsmallconst                                   smallconst   000000
__Hspace_0                                      (abs)        010000
__Hspace_1                                      (abs)        0004F4
__Hspace_2                                      (abs)        000000
__Hspace_4                                      (abs)        60000E
__Hstack                                        stack        000000
__Hstruct                                       struct       000000
__Htemp                                         temp         00004E
__Htext                                         text         000000
__Htext0                                        text0        000000
__Htext1                                        text1        000000
__Htext10                                       text10       000000
__Htext11                                       text11       000000
__Htext12                                       text12       000000
__Htext13                                       text13       000000
__Htext14                                       text14       000000
__Htext15                                       text15       000000
__Htext16                                       text16       000000
__Htext17                                       text17       000000
__Htext18                                       text18       000000
__Htext19                                       text19       000000
__Htext2                                        text2        000000
__Htext20                                       text20       000000
__Htext21                                       text21       000000
__Htext22                                       text22       000000
__Htext23                                       text23       000000
__Htext24                                       text24       000000
__Htext25                                       text25       000000
__Htext26                                       text26       000000
__Htext27                                       text27       000000
__Htext28                                       text28       000000
__Htext29                                       text29       000000
__Htext3                                        text3        000000
__Htext30                                       text30       000000
__Htext31                                       text31       000000
__Htext32                                       text32       000000
__Htext33                                       text33       000000
__Htext34                                       text34       000000
__Htext35                                       text35       000000
__Htext36                                       text36       000000
__Htext37                                       text37       000000
__Htext38                                       text38       000000
__Htext39                                       text39       000000
__Htext4                                        text4        000000
__Htext40                                       text40       000000
__Htext41                                       text41       000000
__Htext42                                       text42       000000
__Htext43                                       text43       000000
__Htext44                                       text44       000000
__Htext45                                       text45       000000
__Htext46                                       text46       000000
__Htext47                                       text47       000000
__Htext48                                       text48       000000
__Htext49                                       text49       000000
__Htext5                                        text5        000000
__Htext51                                       text51       000000
__Htext52                                       text52       000000
__Htext53                                       text53       000000
__Htext54                                       text54       000000
__Htext55                                       text55       000000
__Htext56                                       text56       000000
__Htext6                                        text6        000000
__Htext7                                        text7        000000
__Htext8                                        text8        000000
__Htext9                                        text9        000000
__LRAM                                          (abs)        000001
__Labs1                                         abs1         000000
__Lbank0                                        bank0        000000
__Lbank1                                        bank1        000000
__Lbank10                                       bank10       000000
__Lbank11                                       bank11       000000
__Lbank12                                       bank12       000000
__Lbank13                                       bank13       000000
__Lbank14                                       bank14       000000
__Lbank15                                       bank15       000000
__Lbank2                                        bank2        000000
__Lbank3                                        bank3        000000
__Lbank4                                        bank4        000000
__Lbank5                                        bank5        000000
__Lbank6                                        bank6        000000
__Lbank7                                        bank7        000000
__Lbank8                                        bank8        000000
__Lbank9                                        bank9        000000
__Lbigbss                                       bigbss       000000
__Lbigdata                                      bigdata      000000
__Lbigram                                       bigram       000000
__Lbss                                          bss          000000
__LbssBANK0                                     bssBANK0     000000
__LbssBIGRAM                                    bssBIGRAM    000000
__LbssCOMRAM                                    bssCOMRAM    000000
__Lcinit                                        cinit        000000
__Lclrtext                                      clrtext      000000
__Lcomram                                       comram       000000
__Lconfig                                       config       000000
__Lconst                                        const        000000
__LcstackBANK0                                  cstackBANK0  000000
__LcstackCOMRAM                                 cstackCOMRAM 000000
__Ldata                                         data         000000
__LdataBANK0                                    dataBANK0    000000
__Leeprom_data                                  eeprom_data  000000
__Lfarbss                                       farbss       000000
__Lfardata                                      fardata      000000
__Libigdata                                     ibigdata     000000
__Lidata                                        idata        000000
__LidataBANK0                                   idataBANK0   000000
__Lidloc                                        idloc        000000
__Lifardata                                     ifardata     000000
__Linit                                         init         00004E
__Lintcode                                      intcode      000008
__Lintcode_body                                 intcode_body 000000
__Lintcodelo                                    intcodelo    00004E
__Lintentry                                     intentry     000000
__Lintret                                       intret       000000
__Lintsave_regs                                 intsave_regs 000000
__Lirdata                                       irdata       000000
__Lmediumconst                                  mediumconst  00F93C
__LnvFARRAM                                     nvFARRAM     000000
__Lnvbit                                        nvbit        000000
__Lnvrram                                       nvrram       000000
__Lparam                                        rparam       000000
__Lpowerup                                      powerup      00004E
__Lram                                          ram          000000
__Lramtop                                       ramtop       001000
__Lrbit                                         rbit         000000
__Lrbss                                         rbss         000000
__Lrdata                                        rdata        000000
__Lreset_vec                                    reset_vec    000000
__Lrparam                                       rparam       000000
__Lsfr                                          sfr          000000
__Lsmallconst                                   smallconst   000000
__Lspace_0                                      (abs)        000000
__Lspace_1                                      (abs)        000000
__Lspace_2                                      (abs)        000000
__Lspace_4                                      (abs)        000000
__Lstack                                        stack        000000
__Lstruct                                       struct       000000
__Ltemp                                         temp         00004D
__Ltext                                         text         000000
__Ltext0                                        text0        000000
__Ltext1                                        text1        000000
__Ltext10                                       text10       000000
__Ltext11                                       text11       000000
__Ltext12                                       text12       000000
__Ltext13                                       text13       000000
__Ltext14                                       text14       000000
__Ltext15                                       text15       000000
__Ltext16                                       text16       000000
__Ltext17                                       text17       000000
__Ltext18                                       text18       000000
__Ltext19                                       text19       000000
__Ltext2                                        text2        000000
__Ltext20                                       text20       000000
__Ltext21                                       text21       000000
__Ltext22                                       text22       000000
__Ltext23                                       text23       000000
__Ltext24                                       text24       000000
__Ltext25                                       text25       000000
__Ltext26                                       text26       000000
__Ltext27                                       text27       000000
__Ltext28                                       text28       000000
__Ltext29                                       text29       000000
__Ltext3                                        text3        000000
__Ltext30                                       text30       000000
__Ltext31                                       text31       000000
__Ltext32                                       text32       000000
__Ltext33                                       text33       000000
__Ltext34                                       text34       000000
__Ltext35                                       text35       000000
__Ltext36                                       text36       000000
__Ltext37                                       text37       000000
__Ltext38                                       text38       000000
__Ltext39                                       text39       000000
__Ltext4                                        text4        000000
__Ltext40                                       text40       000000
__Ltext41                                       text41       000000
__Ltext42                                       text42       000000
__Ltext43                                       text43       000000
__Ltext44                                       text44       000000
__Ltext45                                       text45       000000
__Ltext46                                       text46       000000
__Ltext47                                       text47       000000
__Ltext48                                       text48       000000
__Ltext49                                       text49       000000
__Ltext5                                        text5        000000
__Ltext51                                       text51       000000
__Ltext52                                       text52       000000
__Ltext53                                       text53       000000
__Ltext54                                       text54       000000
__Ltext55                                       text55       000000
__Ltext56                                       text56       000000
__Ltext6                                        text6        000000
__Ltext7                                        text7        000000
__Ltext8                                        text8        000000
__Ltext9                                        text9        000000
__S0                                            (abs)        010000
__S1                                            (abs)        0004F4
__S2                                            (abs)        000000
__S4                                            (abs)        000000
__S5                                            (abs)        000000
___aodiv                                        text38       001ABE
___aodiv@counter                                cstackCOMRAM 000022
___aodiv@dividend                               cstackCOMRAM 000012
___aodiv@divisor                                cstackCOMRAM 00001A
___aodiv@quotient                               cstackCOMRAM 000024
___aodiv@sign                                   cstackCOMRAM 000023
___aomod                                        text37       001DBE
___aomod@counter                                cstackCOMRAM 000022
___aomod@dividend                               cstackCOMRAM 000012
___aomod@divisor                                cstackCOMRAM 00001A
___aomod@sign                                   cstackCOMRAM 000023
___awmod                                        text2        00238A
___awmod@counter                                cstackCOMRAM 000016
___awmod@dividend                               cstackCOMRAM 000012
___awmod@divisor                                cstackCOMRAM 000014
___awmod@sign                                   cstackCOMRAM 000017
___inthi_sp                                     stack        000000
___intlo_sp                                     stack        000000
___lodiv                                        text31       002034
___lodiv@counter                                cstackCOMRAM 00002A
___lodiv@dividend                               cstackCOMRAM 000012
___lodiv@divisor                                cstackCOMRAM 00001A
___lodiv@quotient                               cstackCOMRAM 000022
___lomod                                        text30       0021F8
___lomod@counter                                cstackCOMRAM 000022
___lomod@dividend                               cstackCOMRAM 000012
___lomod@divisor                                cstackCOMRAM 00001A
___param_bank                                   (abs)        000000
___rparam_used                                  (abs)        000001
___sp                                           stack        000000
___wmul                                         text46       002B04
___wmul@multiplicand                            cstackCOMRAM 000014
___wmul@multiplier                              cstackCOMRAM 000012
___wmul@product                                 cstackCOMRAM 000016
__accesstop                                     (abs)        000060
__activetblptr                                  (abs)        000003
__end_of_EUSART1_Initialize                     text11       0028C8
__end_of_EUSART1_Read                           text49       002B04
__end_of_EUSART1_SetErrorHandler                text14       002C06
__end_of_EUSART1_SetFramingErrorHandler         text13       002BFC
__end_of_EUSART1_SetOverrunErrorHandler         text12       002BF2
__end_of_EUSART1_Write                          text42       002BAE
__end_of_EUSART1_is_rx_ready                    text48       002BC2
__end_of_INTERRUPT_Initialize                   text10       002C1E
__end_of_INTERRUPT_InterruptManager             intcode      00004E
__end_of_OSCILLATOR_Initialize                  text9        002B64
__end_of_PIN_MANAGER_Initialize                 text8        002AB4
__end_of_SDCARD_Initialize                      text20       001DBE
__end_of_SDCARD_PollWriteComplete               text19       00293C
__end_of_SDCARD_ReadBlock                       text18       002580
__end_of_SDCARD_WriteBlock                      text17       0026A4
__end_of_SPI2_Close                             text16       002C22
__end_of_SPI2_ExchangeByte                      text47       002B98
__end_of_SPI2_Initialize                        text7        002BD4
__end_of_SPI2_Open                              text15       0024E6
__end_of_SYSTEM_Initialize                      text4        002B7E
__end_of_TMR0_DefaultInterruptHandler           text52       002C26
__end_of_TMR0_ISR                               text51       002A86
__end_of_TMR0_Initialize                        text5        002A1A
__end_of_TMR0_ReadTimer                         text55       002B48
__end_of_TMR0_SetInterruptHandler               text6        002BE8
__end_of_TMR0_WriteTimer                        text3        002BDE
__end_of___aodiv                                text38       001C46
__end_of___aomod                                text37       001F22
__end_of___awmod                                text2        00243A
__end_of___lodiv                                text31       002124
__end_of___lomod                                text30       0022C8
__end_of___wmul                                 text46       002B2A
__end_of__initialization                        cinit        0027FC
__end_of_abs                                    text36       00288A
__end_of_atoi                                   text43       001ABE
__end_of_ctoa                                   text39       0021F8
__end_of_dtoa                                   text32       001258
__end_of_fputc                                  text40       002616
__end_of_fputs                                  text35       00284A
__end_of_hexDumpBuffer                          text1        001924
__end_of_isalpha                                text28       002904
__end_of_isdigit                                text45       0029E4
__end_of_islower                                text26       002974
__end_of_isspace                                text44       0027B8
__end_of_isupper                                text27       0029AC
__end_of_main                                   text0        0009F2
__end_of_myTMR0ISR                              text53       002034
__end_of_pad                                    text33       00238A
__end_of_printf                                 text21       002ADC
__end_of_putch                                  text41       002C10
__end_of_sin                                    mediumconst  00F957
__end_of_spi2_configuration                     mediumconst  00F95B
__end_of_strlen                                 text34       002A50
__end_of_toupper                                text25       002766
__end_of_utoa                                   text29       001738
__end_of_vfpfcnvrt                              text23       000F76
__end_of_vfprintf                               text22       002708
__end_of_xtoa                                   text24       001532
__end_ofi2_TMR0_WriteTimer                      text54       002C1A
__initialization                                cinit        0027B8
__mediumconst                                   mediumconst  00F93C
__pbssBANK0                                     bssBANK0     0000CA
__pbssBIGRAM                                    bssBIGRAM    0000F4
__pbssCOMRAM                                    bssCOMRAM    00003C
__pcinit                                        cinit        0027B8
__pcstackBANK0                                  cstackBANK0  000060
__pcstackCOMRAM                                 cstackCOMRAM 000001
__pdataBANK0                                    dataBANK0    0000F2
__pidataBANK0                                   idataBANK0   002C22
__pintcode                                      intcode      000008
__pmediumconst                                  mediumconst  00F93C
__ptext0                                        text0        000052
__ptext1                                        text1        001738
__ptext10                                       text10       002C1A
__ptext11                                       text11       00288A
__ptext12                                       text12       002BE8
__ptext13                                       text13       002BF2
__ptext14                                       text14       002BFC
__ptext15                                       text15       00243A
__ptext16                                       text16       002C1E
__ptext17                                       text17       002616
__ptext18                                       text18       0024E6
__ptext19                                       text19       002904
__ptext2                                        text2        00238A
__ptext20                                       text20       001C46
__ptext21                                       text21       002AB4
__ptext22                                       text22       0026A4
__ptext23                                       text23       0009F2
__ptext24                                       text24       001258
__ptext25                                       text25       002708
__ptext26                                       text26       00293C
__ptext27                                       text27       002974
__ptext28                                       text28       0028C8
__ptext29                                       text29       001532
__ptext3                                        text3        002BD4
__ptext30                                       text30       0021F8
__ptext31                                       text31       002034
__ptext32                                       text32       000F76
__ptext33                                       text33       0022C8
__ptext34                                       text34       002A1A
__ptext35                                       text35       002806
__ptext36                                       text36       00284A
__ptext37                                       text37       001DBE
__ptext38                                       text38       001ABE
__ptext39                                       text39       002124
__ptext4                                        text4        002B64
__ptext40                                       text40       002580
__ptext41                                       text41       002C06
__ptext42                                       text42       002B98
__ptext43                                       text43       001924
__ptext44                                       text44       002766
__ptext45                                       text45       0029AC
__ptext46                                       text46       002B04
__ptext47                                       text47       002B7E
__ptext48                                       text48       002BAE
__ptext49                                       text49       002ADC
__ptext5                                        text5        0029E4
__ptext51                                       text51       002A50
__ptext52                                       text52       002C24
__ptext53                                       text53       001F22
__ptext54                                       text54       002C10
__ptext55                                       text55       002B2A
__ptext56                                       text56       000000
__ptext6                                        text6        002BDE
__ptext7                                        text7        002BC2
__ptext8                                        text8        002A86
__ptext9                                        text9        002B48
__ramtop                                        ramtop       001000
__size_of_EUSART1_Initialize                    (abs)        000000
__size_of_EUSART1_Read                          (abs)        000000
__size_of_EUSART1_SetErrorHandler               (abs)        000000
__size_of_EUSART1_SetFramingErrorHandler        (abs)        000000
__size_of_EUSART1_SetOverrunErrorHandler        (abs)        000000
__size_of_EUSART1_Write                         (abs)        000000
__size_of_EUSART1_is_rx_ready                   (abs)        000000
__size_of_INTERRUPT_Initialize                  (abs)        000000
__size_of_INTERRUPT_InterruptManager            (abs)        000000
__size_of_OSCILLATOR_Initialize                 (abs)        000000
__size_of_PIN_MANAGER_Initialize                (abs)        000000
__size_of_SDCARD_Initialize                     (abs)        000000
__size_of_SDCARD_PollWriteComplete              (abs)        000000
__size_of_SDCARD_ReadBlock                      (abs)        000000
__size_of_SDCARD_WriteBlock                     (abs)        000000
__size_of_SPI2_Close                            (abs)        000000
__size_of_SPI2_ExchangeByte                     (abs)        000000
__size_of_SPI2_Initialize                       (abs)        000000
__size_of_SPI2_Open                             (abs)        000000
__size_of_SYSTEM_Initialize                     (abs)        000000
__size_of_TMR0_DefaultInterruptHandler          (abs)        000000
__size_of_TMR0_ISR                              (abs)        000000
__size_of_TMR0_Initialize                       (abs)        000000
__size_of_TMR0_ReadTimer                        (abs)        000000
__size_of_TMR0_SetInterruptHandler              (abs)        000000
__size_of_TMR0_WriteTimer                       (abs)        000000
__size_of___aodiv                               (abs)        000000
__size_of___aomod                               (abs)        000000
__size_of___awmod                               (abs)        000000
__size_of___lodiv                               (abs)        000000
__size_of___lomod                               (abs)        000000
__size_of___wmul                                (abs)        000000
__size_of_abs                                   (abs)        000000
__size_of_atoi                                  (abs)        000000
__size_of_ctoa                                  (abs)        000000
__size_of_dtoa                                  (abs)        000000
__size_of_fputc                                 (abs)        000000
__size_of_fputs                                 (abs)        000000
__size_of_hexDumpBuffer                         (abs)        000000
__size_of_isalpha                               (abs)        000000
__size_of_isdigit                               (abs)        000000
__size_of_islower                               (abs)        000000
__size_of_isspace                               (abs)        000000
__size_of_isupper                               (abs)        000000
__size_of_main                                  (abs)        000000
__size_of_myTMR0ISR                             (abs)        000000
__size_of_pad                                   (abs)        000000
__size_of_printf                                (abs)        000000
__size_of_putch                                 (abs)        000000
__size_of_strlen                                (abs)        000000
__size_of_toupper                               (abs)        000000
__size_of_utoa                                  (abs)        000000
__size_of_vfpfcnvrt                             (abs)        000000
__size_of_vfprintf                              (abs)        000000
__size_of_xtoa                                  (abs)        000000
__size_ofi2_TMR0_WriteTimer                     (abs)        000000
__smallconst                                    smallconst   000000
_abs                                            text36       00284A
_atoi                                           text43       001924
_atoi$1800                                      cstackCOMRAM 000021
_atoi$1801                                      cstackCOMRAM 000025
_atoi$1802                                      cstackCOMRAM 000023
_beginSampling                                  bssCOMRAM    00004C
_blueBuffer                                     bssBIGRAM    0002F4
_blueFull                                       bssBANK0     0000D1
_bufferIdx                                      bssCOMRAM    000044
_ctoa                                           text39       002124
_dbuf                                           bssBANK0     0000D2
_dtoa                                           text32       000F76
_dtoa$1744                                      cstackBANK0  000068
_eusart1RxLastError                             bssCOMRAM    00004A
_flags                                          bssCOMRAM    000040
_fputc                                          text40       002580
_fputs                                          text35       002806
_hexDumpBuffer                                  text1        001738
_isalpha                                        text28       0028C8
_isdigit                                        text45       0029AC
_islower                                        text26       00293C
_isspace                                        text44       002766
_isspace$1827                                   cstackCOMRAM 000018
_isupper                                        text27       002974
_main                                           text0        000052
_myTMR0ISR                                      text53       001F22
_nout                                           bssBANK0     0000CA
_pad                                            text33       0022C8
_prec                                           bssCOMRAM    00003E
_printf                                         text21       002AB4
_putch                                          text41       002C06
_redBuffer                                      bssBIGRAM    0000F4
_redFull                                        bssBANK0     0000D0
_sampleRate                                     dataBANK0    0000F2
_sin                                            mediumconst  00F93D
_spi2_configuration                             mediumconst  00F957
_strlen                                         text34       002A1A
_timer0ReloadVal                                bssCOMRAM    000046
_timerState                                     bssCOMRAM    00004B
_toupper                                        text25       002708
_toupper$1876                                   cstackCOMRAM 00001E
_utoa                                           text29       001532
_vfpfcnvrt                                      text23       0009F2
_vfpfcnvrt$1777                                 cstackBANK0  000090
_vfprintf                                       text22       0026A4
_width                                          bssCOMRAM    00003C
_xtoa                                           text24       001258
_xtoa$1762                                      cstackBANK0  000068
_xtoa$1763                                      cstackBANK0  00006A
abs@a                                           cstackCOMRAM 000024
atoi@n                                          cstackCOMRAM 000026
atoi@neg                                        cstackCOMRAM 00001F
atoi@s                                          cstackCOMRAM 000019
btemp                                           temp         00004D
ctoa@c                                          cstackCOMRAM 00001F
ctoa@fp                                         cstackCOMRAM 00001D
ctoa@l                                          cstackCOMRAM 000021
ctoa@w                                          cstackCOMRAM 000023
dtoa@d                                          cstackCOMRAM 000031
dtoa@fp                                         cstackCOMRAM 00002F
dtoa@i                                          cstackBANK0  000078
dtoa@n                                          cstackBANK0  000070
dtoa@p                                          cstackBANK0  00006A
dtoa@s                                          cstackBANK0  00006E
dtoa@w                                          cstackBANK0  00006C
end_of_initialization                           cinit        0027FC
fputc@c                                         cstackCOMRAM 000014
fputc@fp                                        cstackCOMRAM 000016
fputs@c                                         cstackCOMRAM 000021
fputs@fp                                        cstackCOMRAM 00001F
fputs@i                                         cstackCOMRAM 000022
fputs@s                                         cstackCOMRAM 00001D
hexDumpBuffer@i                                 cstackBANK0  0000B3
hexDumpBuffer@j                                 cstackBANK0  0000AF
hexDumpBuffer@j_1205                            cstackBANK0  0000B1
hexDumpBuffer@sdCardBuffer                      cstackBANK0  0000AB
i2TMR0_WriteTimer@timerVal                      cstackCOMRAM 000009
i2_TMR0_WriteTimer                              text54       002C10
int$flags                                       temp         00004D
intlevel0                                       text         000000
intlevel1                                       text         000000
intlevel2                                       text         000000
intlevel3                                       text         000000
isalpha@c                                       cstackCOMRAM 000012
isdigit@c                                       cstackCOMRAM 000012
islower@c                                       cstackCOMRAM 000012
isspace@c                                       cstackCOMRAM 000012
isupper@c                                       cstackCOMRAM 000012
main@bufIdx                                     cstackBANK0  0000BE
main@cmd                                        cstackBANK0  0000BB
main@i                                          cstackBANK0  0000C4
main@i_751                                      cstackBANK0  0000BC
main@letter                                     cstackBANK0  0000B8
main@localAddress                               cstackBANK0  0000C0
main@sdCardAddress                              cstackBANK0  0000C6
main@status                                     cstackBANK0  0000B9
main@waveIdx                                    cstackBANK0  0000BA
myTMR0ISR@micReading                            cstackCOMRAM 00000D
pad@buf                                         cstackCOMRAM 000026
pad@fp                                          cstackCOMRAM 000024
pad@i                                           cstackCOMRAM 00002B
pad@p                                           cstackCOMRAM 000028
pad@w                                           cstackCOMRAM 00002D
printf@ap                                       cstackBANK0  0000A9
printf@fmt                                      cstackBANK0  0000A1
putch@txData                                    cstackCOMRAM 000013
stackhi                                         (abs)        000F37
stacklo                                         (abs)        0004F4
start                                           init         00004E
start_initialization                            cinit        0027B8
strlen@a                                        cstackCOMRAM 000014
strlen@s                                        cstackCOMRAM 000012
toupper@c                                       cstackCOMRAM 000018
ttemp5                                          temp         00004E
ttemp6                                          temp         000051
ttemp7                                          temp         000055
utoa@d                                          cstackCOMRAM 000031
utoa@fp                                         cstackCOMRAM 00002F
utoa@i                                          cstackBANK0  000074
utoa@n                                          cstackBANK0  00006C
utoa@p                                          cstackBANK0  000068
utoa@w                                          cstackBANK0  00006A
vfpfcnvrt@ap                                    cstackBANK0  000080
vfpfcnvrt@c                                     cstackBANK0  00009A
vfpfcnvrt@done                                  cstackBANK0  00008E
vfpfcnvrt@fmt                                   cstackBANK0  00007E
vfpfcnvrt@fp                                    cstackBANK0  00007C
vfpfcnvrt@ll                                    cstackBANK0  000086
vfpfcnvrt@llu                                   cstackBANK0  000092
vfprintf@ap                                     cstackBANK0  00009F
vfprintf@cfmt                                   cstackCOMRAM 00003A
vfprintf@fmt                                    cstackBANK0  00009D
vfprintf@fp                                     cstackBANK0  00009B
wtemp8                                          temp         00004E
xtoa@c                                          cstackBANK0  00007A
xtoa@d                                          cstackCOMRAM 000031
xtoa@fp                                         cstackCOMRAM 00002F
xtoa@i                                          cstackBANK0  000078
xtoa@n                                          cstackBANK0  000070
xtoa@p                                          cstackBANK0  00006C
xtoa@w                                          cstackBANK0  00006E
xtoa@x                                          cstackCOMRAM 000039


FUNCTION INFORMATION:

 *************** function _main *****************
 Defined at:
		line 48 in file "main.c"
 Parameters:    Size  Location     Type
		None
 Auto vars:     Size  Location     Type
  i               2   92[BANK0 ] int 
  sdCardAddres    4  102[BANK0 ] unsigned long 
  localAddress    4   96[BANK0 ] unsigned long 
  i               2  100[BANK0 ] unsigned short 
  bufIdx          2   94[BANK0 ] unsigned short 
  cmd             1   91[BANK0 ] unsigned char 
  waveIdx         1   90[BANK0 ] unsigned char 
  status          1   89[BANK0 ] unsigned char 
  letter          1   88[BANK0 ] unsigned char 
 Return value:  Size  Location     Type
                  1    wreg      void 
 Registers used:
		wreg, fsr1l, fsr1h, fsr2l, fsr2h, status,2, status,0, tblptrl, tblptrh, tblptru, prodl, prodh, cstack
 Tracked objects:
		On entry : 
		On exit  : 
		Unchanged: 
 Data sizes:     COMRAM   BANK0   BANK1   BANK2   BANK3   BANK4   BANK5   BANK6   BANK7   BANK8   BANK9  BANK10  BANK11  BANK12  BANK13  BANK14  BANK15
      Params:         0       0       0       0       0       0       0       0       0       0       0       0       0       0       0       0       0
      Locals:         0      18       0       0       0       0       0       0       0       0       0       0       0       0       0       0       0
      Temps:          0       3       0       0       0       0       0       0       0       0       0       0       0       0       0       0       0
      Totals:         0      21       0       0       0       0       0       0       0       0       0       0       0       0       0       0       0
Total ram usage:       21 bytes
 Hardware stack levels required when called:   14
 This function calls:
		_EUSART1_Read
		_EUSART1_is_rx_ready
		_SDCARD_Initialize
		_SDCARD_PollWriteComplete
		_SDCARD_ReadBlock
		_SDCARD_WriteBlock
		_SPI2_Close
		_SPI2_Open
		_SYSTEM_Initialize
		_TMR0_SetInterruptHandler
		_TMR0_WriteTimer
		___awmod
		_hexDumpBuffer
		_printf
 This function is called by:
		Startup code after reset
 This function uses a non-reentrant model


 *************** function _hexDumpBuffer *****************
 Defined at:
		line 179 in file "sdCard.c"
 Parameters:    Size  Location     Type
  sdCardBuffer    2   75[BANK0 ] PTR unsigned char 
		 -> blueBuffer(512), 
 Auto vars:     Size  Location     Type
  j               2   79[BANK0 ] int 
  j               2   81[BANK0 ] int 
  i               2   83[BANK0 ] unsigned short 
 Return value:  Size  Location     Type
                  1    wreg      void 
 Registers used:
		wreg, fsr1l, fsr1h, fsr2l, fsr2h, status,2, status,0, tblptrl, tblptrh, tblptru, prodl, prodh, cstack
 Tracked objects:
		On entry : 
		On exit  : 
		Unchanged: 
 Data sizes:     COMRAM   BANK0   BANK1   BANK2   BANK3   BANK4   BANK5   BANK6   BANK7   BANK8   BANK9  BANK10  BANK11  BANK12  BANK13  BANK14  BANK15
      Params:         0       2       0       0       0       0       0       0       0       0       0       0       0       0       0       0       0
      Locals:         0       6       0       0       0       0       0       0       0       0       0       0       0       0       0       0       0
      Temps:          0       2       0       0       0       0       0       0       0       0       0       0       0       0       0       0       0
      Totals:         0      10       0       0       0       0       0       0       0       0       0       0       0       0       0       0       0
Total ram usage:       10 bytes
 Hardware stack levels used:    1
 Hardware stack levels required when called:   13
 This function calls:
		_printf
 This function is called by:
		_main
 This function uses a non-reentrant model


 *************** function ___awmod *****************
 Defined at:
		line 7 in file "C:\Program Files\Microchip\xc8\v2.30\pic\sources\c99\common\awmod.c"
 Parameters:    Size  Location     Type
  dividend        2   17[COMRAM] int 
  divisor         2   19[COMRAM] int 
 Auto vars:     Size  Location     Type
  sign            1   22[COMRAM] unsigned char 
  counter         1   21[COMRAM] unsigned char 
 Return value:  Size  Location     Type
                  2   17[COMRAM] int 
 Registers used:
		wreg, status,2, status,0
 Tracked objects:
		On entry : 
		On exit  : 
		Unchanged: 
 Data sizes:     COMRAM   BANK0   BANK1   BANK2   BANK3   BANK4   BANK5   BANK6   BANK7   BANK8   BANK9  BANK10  BANK11  BANK12  BANK13  BANK14  BANK15
      Params:         4       0       0       0       0       0       0       0       0       0       0       0       0       0       0       0       0
      Locals:         2       0       0       0       0       0       0       0       0       0       0       0       0       0       0       0       0
      Temps:          0       0       0       0       0       0       0       0       0       0       0       0       0       0       0       0       0
      Totals:         6       0       0       0       0       0       0       0       0       0       0       0       0       0       0       0       0
Total ram usage:        6 bytes
 Hardware stack levels used:    1
 Hardware stack levels required when called:    4
 This function calls:
		Nothing
 This function is called by:
		_main
 This function uses a non-reentrant model


 *************** function _TMR0_WriteTimer *****************
 Defined at:
		line 122 in file "mcc_generated_files/tmr0.c"
 Parameters:    Size  Location     Type
  timerVal        2   17[COMRAM] unsigned short 
 Auto vars:     Size  Location     Type
		None
 Return value:  Size  Location     Type
                  1    wreg      void 
 Registers used:
		wreg, status,2
 Tracked objects:
		On entry : 
		On exit  : 
		Unchanged: 
 Data sizes:     COMRAM   BANK0   BANK1   BANK2   BANK3   BANK4   BANK5   BANK6   BANK7   BANK8   BANK9  BANK10  BANK11  BANK12  BANK13  BANK14  BANK15
      Params:         2       0       0       0       0       0       0       0       0       0       0       0       0       0       0       0       0
      Locals:         0       0       0       0       0       0       0       0       0       0       0       0       0       0       0       0       0
      Temps:          0       0       0       0       0       0       0       0       0       0       0       0       0       0       0       0       0
      Totals:         2       0       0       0       0       0       0       0       0       0       0       0       0       0       0       0       0
Total ram usage:        2 bytes
 Hardware stack levels used:    1
 Hardware stack levels required when called:    4
 This function calls:
		Nothing
 This function is called by:
		_main
 This function uses a non-reentrant model


 *************** function _SYSTEM_Initialize *****************
 Defined at:
		line 50 in file "mcc_generated_files/mcc.c"
 Parameters:    Size  Location     Type
		None
 Auto vars:     Size  Location     Type
		None
 Return value:  Size  Location     Type
                  1    wreg      void 
 Registers used:
		wreg, status,2, status,0, cstack
 Tracked objects:
		On entry : 
		On exit  : 
		Unchanged: 
 Data sizes:     COMRAM   BANK0   BANK1   BANK2   BANK3   BANK4   BANK5   BANK6   BANK7   BANK8   BANK9  BANK10  BANK11  BANK12  BANK13  BANK14  BANK15
      Params:         0       0       0       0       0       0       0       0       0       0       0       0       0       0       0       0       0
      Locals:         0       0       0       0       0       0       0       0       0       0       0       0       0       0       0       0       0
      Temps:          0       0       0       0       0       0       0       0       0       0       0       0       0       0       0       0       0
      Totals:         0       0       0       0       0       0       0       0       0       0       0       0       0       0       0       0       0
Total ram usage:        0 bytes
 Hardware stack levels used:    1
 Hardware stack levels required when called:    6
 This function calls:
		_EUSART1_Initialize
		_INTERRUPT_Initialize
		_OSCILLATOR_Initialize
		_PIN_MANAGER_Initialize
		_SPI2_Initialize
		_TMR0_Initialize
 This function is called by:
		_main
 This function uses a non-reentrant model


 *************** function _TMR0_Initialize *****************
 Defined at:
		line 67 in file "mcc_generated_files/tmr0.c"
 Parameters:    Size  Location     Type
		None
 Auto vars:     Size  Location     Type
		None
 Return value:  Size  Location     Type
                  1    wreg      void 
 Registers used:
		wreg, status,2, status,0, cstack
 Tracked objects:
		On entry : 
		On exit  : 
		Unchanged: 
 Data sizes:     COMRAM   BANK0   BANK1   BANK2   BANK3   BANK4   BANK5   BANK6   BANK7   BANK8   BANK9  BANK10  BANK11  BANK12  BANK13  BANK14  BANK15
      Params:         0       0       0       0       0       0       0       0       0       0       0       0       0       0       0       0       0
      Locals:         0       0       0       0       0       0       0       0       0       0       0       0       0       0       0       0       0
      Temps:          2       0       0       0       0       0       0       0       0       0       0       0       0       0       0       0       0
      Totals:         2       0       0       0       0       0       0       0       0       0       0       0       0       0       0       0       0
Total ram usage:        2 bytes
 Hardware stack levels used:    1
 Hardware stack levels required when called:    5
 This function calls:
		_TMR0_SetInterruptHandler
 This function is called by:
		_SYSTEM_Initialize
 This function uses a non-reentrant model


 *************** function _TMR0_SetInterruptHandler *****************
 Defined at:
		line 156 in file "mcc_generated_files/tmr0.c"
 Parameters:    Size  Location     Type
  InterruptHan    2   17[COMRAM] PTR FTN()void 
		 -> myTMR0ISR(1), TMR0_DefaultInterruptHandler(1), 
 Auto vars:     Size  Location     Type
		None
 Return value:  Size  Location     Type
                  1    wreg      void 
 Registers used:
		wreg, status,2, status,0
 Tracked objects:
		On entry : 
		On exit  : 
		Unchanged: 
 Data sizes:     COMRAM   BANK0   BANK1   BANK2   BANK3   BANK4   BANK5   BANK6   BANK7   BANK8   BANK9  BANK10  BANK11  BANK12  BANK13  BANK14  BANK15
      Params:         2       0       0       0       0       0       0       0       0       0       0       0       0       0       0       0       0
      Locals:         0       0       0       0       0       0       0       0       0       0       0       0       0       0       0       0       0
      Temps:          0       0       0       0       0       0       0       0       0       0       0       0       0       0       0       0       0
      Totals:         2       0       0       0       0       0       0       0       0       0       0       0       0       0       0       0       0
Total ram usage:        2 bytes
 Hardware stack levels used:    1
 Hardware stack levels required when called:    4
 This function calls:
		Nothing
 This function is called by:
		_TMR0_Initialize
		_main
 This function uses a non-reentrant model


 *************** function _SPI2_Initialize *****************
 Defined at:
		line 62 in file "mcc_generated_files/spi2.c"
 Parameters:    Size  Location     Type
		None
 Auto vars:     Size  Location     Type
		None
 Return value:  Size  Location     Type
                  1    wreg      void 
 Registers used:
		wreg, status,2
 Tracked objects:
		On entry : 
[...]
Total ram usage:        6 bytes
 Hardware stack levels used:    1
 Hardware stack levels required when called:    4
 This function calls:
		Nothing
 This function is called by:
		_atoi
 This function uses a non-reentrant model


 *************** function _SPI2_ExchangeByte *****************
 Defined at:
		line 92 in file "mcc_generated_files/spi2.c"
 Parameters:    Size  Location     Type
  data            1    wreg     unsigned char 
 Auto vars:     Size  Location     Type
  data            1   17[COMRAM] unsigned char 
 Return value:  Size  Location     Type
                  1    wreg      unsigned char 
 Registers used:
		wreg, status,2
 Tracked objects:
		On entry : 
		On exit  : 
		Unchanged: 
 Data sizes:     COMRAM   BANK0   BANK1   BANK2   BANK3   BANK4   BANK5   BANK6   BANK7   BANK8   BANK9  BANK10  BANK11  BANK12  BANK13  BANK14  BANK15
      Params:         0       0       0       0       0       0       0       0       0       0       0       0       0       0       0       0       0
      Locals:         1       0       0       0       0       0       0       0       0       0       0       0       0       0       0       0       0
      Temps:          0       0       0       0       0       0       0       0       0       0       0       0       0       0       0       0       0
      Totals:         1       0       0       0       0       0       0       0       0       0       0       0       0       0       0       0       0
Total ram usage:        1 bytes
 Hardware stack levels used:    1
 Hardware stack levels required when called:    4
 This function calls:
		Nothing
 This function is called by:
		_SDCARD_ReadBlock
		_SDCARD_WriteBlock
		_SDCARD_PollWriteComplete
		_SDCARD_Initialize
		_SPI2_WriteBlock
		_SPI2_ReadBlock
 This function uses a non-reentrant model


 *************** function _EUSART1_is_rx_ready *****************
 Defined at:
		line 99 in file "mcc_generated_files/eusart1.c"
 Parameters:    Size  Location     Type
		None
 Auto vars:     Size  Location     Type
		None
 Return value:  Size  Location     Type
                  1    wreg      _Bool 
 Registers used:
		wreg
 Tracked objects:
		On entry : 
		On exit  : 
		Unchanged: 
 Data sizes:     COMRAM   BANK0   BANK1   BANK2   BANK3   BANK4   BANK5   BANK6   BANK7   BANK8   BANK9  BANK10  BANK11  BANK12  BANK13  BANK14  BANK15
      Params:         0       0       0       0       0       0       0       0       0       0       0       0       0       0       0       0       0
      Locals:         0       0       0       0       0       0       0       0       0       0       0       0       0       0       0       0       0
      Temps:          0       0       0       0       0       0       0       0       0       0       0       0       0       0       0       0       0
      Totals:         0       0       0       0       0       0       0       0       0       0       0       0       0       0       0       0       0
Total ram usage:        0 bytes
 Hardware stack levels used:    1
 Hardware stack levels required when called:    4
 This function calls:
		Nothing
 This function is called by:
		_main
 This function uses a non-reentrant model


 *************** function _EUSART1_Read *****************
 Defined at:
		line 113 in file "mcc_generated_files/eusart1.c"
 Parameters:    Size  Location     Type
		None
 Auto vars:     Size  Location     Type
		None
 Return value:  Size  Location     Type
                  1    wreg      unsigned char 
 Registers used:
		wreg, status,2
 Tracked objects:
		On entry : 
		On exit  : 
		Unchanged: 
 Data sizes:     COMRAM   BANK0   BANK1   BANK2   BANK3   BANK4   BANK5   BANK6   BANK7   BANK8   BANK9  BANK10  BANK11  BANK12  BANK13  BANK14  BANK15
      Params:         0       0       0       0       0       0       0       0       0       0       0       0       0       0       0       0       0
      Locals:         0       0       0       0       0       0       0       0       0       0       0       0       0       0       0       0       0
      Temps:          0       0       0       0       0       0       0       0       0       0       0       0       0       0       0       0       0
      Totals:         0       0       0       0       0       0       0       0       0       0       0       0       0       0       0       0       0
Total ram usage:        0 bytes
 Hardware stack levels used:    1
 Hardware stack levels required when called:    4
 This function calls:
		Nothing
 This function is called by:
		_main
		_getch
 This function uses a non-reentrant model


 *************** function _INTERRUPT_InterruptManager *****************
 Defined at:
		line 58 in file "mcc_generated_files/interrupt_manager.c"
 Parameters:    Size  Location     Type
		None
 Auto vars:     Size  Location     Type
		None
 Return value:  Size  Location     Type
                  1    wreg      void 
 Registers used:
		wreg, fsr2l, fsr2h, status,2, status,0, pclath, tosl, cstack
 Tracked objects:
		On entry : 
		On exit  : 
		Unchanged: 
 Data sizes:     COMRAM   BANK0   BANK1   BANK2   BANK3   BANK4   BANK5   BANK6   BANK7   BANK8   BANK9  BANK10  BANK11  BANK12  BANK13  BANK14  BANK15
      Params:         0       0       0       0       0       0       0       0       0       0       0       0       0       0       0       0       0
      Locals:         0       0       0       0       0       0       0       0       0       0       0       0       0       0       0       0       0
      Temps:          4       0       0       0       0       0       0       0       0       0       0       0       0       0       0       0       0
      Totals:         4       0       0       0       0       0       0       0       0       0       0       0       0       0       0       0       0
Total ram usage:        4 bytes
 Hardware stack levels used:    1
 Hardware stack levels required when called:    3
 This function calls:
		_TMR0_ISR
 This function is called by:
		Interrupt level 2
 This function uses a non-reentrant model


 *************** function _TMR0_ISR *****************
 Defined at:
		line 136 in file "mcc_generated_files/tmr0.c"
 Parameters:    Size  Location     Type
		None
 Auto vars:     Size  Location     Type
		None
 Return value:  Size  Location     Type
                  1    wreg      void 
 Registers used:
		wreg, fsr2l, fsr2h, status,2, status,0, pclath, tosl, cstack
 Tracked objects:
		On entry : 
		On exit  : 
		Unchanged: 
 Data sizes:     COMRAM   BANK0   BANK1   BANK2   BANK3   BANK4   BANK5   BANK6   BANK7   BANK8   BANK9  BANK10  BANK11  BANK12  BANK13  BANK14  BANK15
      Params:         0       0       0       0       0       0       0       0       0       0       0       0       0       0       0       0       0
      Locals:         0       0       0       0       0       0       0       0       0       0       0       0       0       0       0       0       0
      Temps:          0       0       0       0       0       0       0       0       0       0       0       0       0       0       0       0       0
      Totals:         0       0       0       0       0       0       0       0       0       0       0       0       0       0       0       0       0
Total ram usage:        0 bytes
 Hardware stack levels used:    1
 Hardware stack levels required when called:    2
 This function calls:
		Absolute function
		_TMR0_DefaultInterruptHandler
		_myTMR0ISR
 This function is called by:
		_INTERRUPT_InterruptManager
 This function uses a non-reentrant model


 *************** function _TMR0_DefaultInterruptHandler *****************
 Defined at:
		line 160 in file "mcc_generated_files/tmr0.c"
 Parameters:    Size  Location     Type
		None
 Auto vars:     Size  Location     Type
		None
 Return value:  Size  Location     Type
                  1    wreg      void 
 Registers used:
		None
 Tracked objects:
		On entry : 
		On exit  : 
		Unchanged: 
 Data sizes:     COMRAM   BANK0   BANK1   BANK2   BANK3   BANK4   BANK5   BANK6   BANK7   BANK8   BANK9  BANK10  BANK11  BANK12  BANK13  BANK14  BANK15
      Params:         0       0       0       0       0       0       0       0       0       0       0       0       0       0       0       0       0
      Locals:         0       0       0       0       0       0       0       0       0       0       0       0       0       0       0       0       0
      Temps:          0       0       0       0       0       0       0       0       0       0       0       0       0       0       0       0       0
      Totals:         0       0       0       0       0       0       0       0       0       0       0       0       0       0       0       0       0
Total ram usage:        0 bytes
 Hardware stack levels used:    1
 This function calls:
		Nothing
 This function is called by:
		_TMR0_Initialize
		_TMR0_ISR
 This function uses a non-reentrant model


 *************** function _myTMR0ISR *****************
 Defined at:
		line 351 in file "main.c"
 Parameters:    Size  Location     Type
		None
 Auto vars:     Size  Location     Type
  micReading      1   12[COMRAM] unsigned char 
 Return value:  Size  Location     Type
                  1    wreg      void 
 Registers used:
		wreg, fsr2l, fsr2h, status,2, status,0, cstack
 Tracked objects:
		On entry : 
		On exit  : 
		Unchanged: 
 Data sizes:     COMRAM   BANK0   BANK1   BANK2   BANK3   BANK4   BANK5   BANK6   BANK7   BANK8   BANK9  BANK10  BANK11  BANK12  BANK13  BANK14  BANK15
      Params:         0       0       0       0       0       0       0       0       0       0       0       0       0       0       0       0       0
      Locals:         1       0       0       0       0       0       0       0       0       0       0       0       0       0       0       0       0
      Temps:          2       0       0       0       0       0       0       0       0       0       0       0       0       0       0       0       0
      Totals:         3       0       0       0       0       0       0       0       0       0       0       0       0       0       0       0       0
Total ram usage:        3 bytes
 Hardware stack levels used:    1
 Hardware stack levels required when called:    1
 This function calls:
		_TMR0_ReadTimer
		i2_TMR0_WriteTimer
 This function is called by:
		_main
		_TMR0_ISR
 This function uses a non-reentrant model


 *************** function i2_TMR0_WriteTimer *****************
 Defined at:
		line 122 in file "mcc_generated_files/tmr0.c"
 Parameters:    Size  Location     Type
  timerVal        2    8[COMRAM] unsigned short 
 Auto vars:     Size  Location     Type
		None
 Return value:  Size  Location     Type
                  1    wreg      void 
 Registers used:
		wreg, status,2
 Tracked objects:
		On entry : 
		On exit  : 
		Unchanged: 
 Data sizes:     COMRAM   BANK0   BANK1   BANK2   BANK3   BANK4   BANK5   BANK6   BANK7   BANK8   BANK9  BANK10  BANK11  BANK12  BANK13  BANK14  BANK15
      Params:         2       0       0       0       0       0       0       0       0       0       0       0       0       0       0       0       0
      Locals:         0       0       0       0       0       0       0       0       0       0       0       0       0       0       0       0       0
      Temps:          0       0       0       0       0       0       0       0       0       0       0       0       0       0       0       0       0
      Totals:         2       0       0       0       0       0       0       0       0       0       0       0       0       0       0       0       0
Total ram usage:        2 bytes
 Hardware stack levels used:    1
 This function calls:
		Nothing
 This function is called by:
		_myTMR0ISR
 This function uses a non-reentrant model


 *************** function _TMR0_ReadTimer *****************
 Defined at:
		line 109 in file "mcc_generated_files/tmr0.c"
 Parameters:    Size  Location     Type
		None
 Auto vars:     Size  Location     Type
  readVal         2    4[COMRAM] unsigned short 
  readValHigh     1    7[COMRAM] unsigned char 
  readValLow      1    6[COMRAM] unsigned char 
 Return value:  Size  Location     Type
                  2    0[COMRAM] unsigned short 
 Registers used:
		wreg, status,2
 Tracked objects:
		On entry : 
		On exit  : 
		Unchanged: 
 Data sizes:     COMRAM   BANK0   BANK1   BANK2   BANK3   BANK4   BANK5   BANK6   BANK7   BANK8   BANK9  BANK10  BANK11  BANK12  BANK13  BANK14  BANK15
      Params:         2       0       0       0       0       0       0       0       0       0       0       0       0       0       0       0       0
      Locals:         4       0       0       0       0       0       0       0       0       0       0       0       0       0       0       0       0
      Temps:          2       0       0       0       0       0       0       0       0       0       0       0       0       0       0       0       0
      Totals:         8       0       0       0       0       0       0       0       0       0       0       0       0       0       0       0       0
Total ram usage:        8 bytes
 Hardware stack levels used:    1
 This function calls:
		Nothing
 This function is called by:
		_myTMR0ISR
 This function uses a non-reentrant model



MODULE INFORMATION

Module		Function		Class		Link	Load	Size
C:\Program Files\Microchip\xc8\v2.30\pic\sources\c99\common\aomod.c
		___aomod       		CODE           	1DBE	0000	356

C:\Program Files\Microchip\xc8\v2.30\pic\sources\c99\common\aomod.c estimated size: 356

C:\Program Files\Microchip\xc8\v2.30\pic\sources\c99\common\abs.c
		_abs           		CODE           	284A	0000	64

C:\Program Files\Microchip\xc8\v2.30\pic\sources\c99\common\abs.c estimated size: 64

C:\Program Files\Microchip\xc8\v2.30\pic\sources\c99\common\awmod.c
		___awmod       		CODE           	238A	0000	176

C:\Program Files\Microchip\xc8\v2.30\pic\sources\c99\common\awmod.c estimated size: 176

C:\Program Files\Microchip\xc8\v2.30\pic\sources\c99\common\doprnt.c
		_vfpfcnvrt     		CODE           	09F2	0000	1412
		_pad           		CODE           	22C8	0000	194
		_ctoa          		CODE           	2124	0000	212
		_dtoa          		CODE           	0F76	0000	738
		_vfprintf      		CODE           	26A4	0000	100
		_utoa          		CODE           	1532	0000	518
		_xtoa          		CODE           	1258	0000	730

C:\Program Files\Microchip\xc8\v2.30\pic\sources\c99\common\doprnt.c estimated size: 3904

C:\Program Files\Microchip\xc8\v2.30\pic\sources\c99\common\atoi.c
		_atoi          		CODE           	1924	0000	410

C:\Program Files\Microchip\xc8\v2.30\pic\sources\c99\common\atoi.c estimated size: 410

C:\Program Files\Microchip\xc8\v2.30\pic\sources\c99\common\isdigit.c
		_isdigit       		CODE           	29AC	0000	56

C:\Program Files\Microchip\xc8\v2.30\pic\sources\c99\common\isdigit.c estimated size: 56

C:\Program Files\Microchip\xc8\v2.30\pic\sources\c99\common\nf_fputs.c
		_fputs         		CODE           	2806	0000	68

C:\Program Files\Microchip\xc8\v2.30\pic\sources\c99\common\nf_fputs.c estimated size: 68

mcc_generated_files/interrupt_manager.c
		_INTERRUPT_Initialize		CODE           	2C1A	0000	4
		_INTERRUPT_InterruptManager		CODE           	0008	0000	70

mcc_generated_files/interrupt_manager.c estimated size: 74

C:\Program Files\Microchip\xc8\v2.30\pic\sources\c99\common\Umul16.c
		___wmul        		CODE           	2B04	0000	38

C:\Program Files\Microchip\xc8\v2.30\pic\sources\c99\common\Umul16.c estimated size: 38

mcc_generated_files/tmr0.c
		_TMR0_SetInterruptHandler		CODE           	2BDE	0000	10
		_TMR0_DefaultInterruptHandler		CODE           	2C24	0000	2
		_TMR0_WriteTimer		CODE           	2BD4	0000	10
		_TMR0_ReadTimer		CODE           	2B2A	0000	30
		_TMR0_ISR      		CODE           	2A50	0000	54
		_TMR0_Initialize		CODE           	29E4	0000	54

mcc_generated_files/tmr0.c estimated size: 160

mcc_generated_files/pin_manager.c
		_PIN_MANAGER_Initialize		CODE           	2A86	0000	46

mcc_generated_files/pin_manager.c estimated size: 46

C:\Program Files\Microchip\xc8\v2.30\pic\sources\c99\common\lodiv.c
		___lodiv       		CODE           	2034	0000	240

C:\Program Files\Microchip\xc8\v2.30\pic\sources\c99\common\lodiv.c estimated size: 240

C:\Program Files\Microchip\xc8\v2.30\pic\sources\c99\common\aodiv.c
		___aodiv       		CODE           	1ABE	0000	392

C:\Program Files\Microchip\xc8\v2.30\pic\sources\c99\common\aodiv.c estimated size: 392

C:\Program Files\Microchip\xc8\v2.30\pic\sources\c99\common\isupper.c
		_isupper       		CODE           	2974	0000	56

C:\Program Files\Microchip\xc8\v2.30\pic\sources\c99\common\isupper.c estimated size: 56

C:\Program Files\Microchip\xc8\v2.30\pic\sources\c99\common\printf.c
		_printf        		CODE           	2AB4	0000	40

C:\Program Files\Microchip\xc8\v2.30\pic\sources\c99\common\printf.c estimated size: 40

shared
		i2_TMR0_WriteTimer		CODE           	2C10	0000	10
		_sin           		MEDIUMCONST    	F93D	0000	26
		__initialization		CODE           	27B8	0000	68
		_spi2_configuration		MEDIUMCONST    	F957	0000	4

shared estimated size: 108

mcc_generated_files/eusart1.c
		_EUSART1_is_rx_ready		CODE           	2BAE	0000	20
		_EUSART1_Initialize		CODE           	288A	0000	62
		_putch         		CODE           	2C06	0000	10
		_EUSART1_SetFramingErrorHandler		CODE           	2BF2	0000	10
		_EUSART1_Read  		CODE           	2ADC	0000	40
		_EUSART1_SetOverrunErrorHandler		CODE           	2BE8	0000	10
		_EUSART1_SetErrorHandler		CODE           	2BFC	0000	10
		_EUSART1_Write 		CODE           	2B98	0000	22

mcc_generated_files/eusart1.c estimated size: 184

C:\Program Files\Microchip\xc8\v2.30\pic\sources\c99\common\nf_fputc.c
		_fputc         		CODE           	2580	0000	150

C:\Program Files\Microchip\xc8\v2.30\pic\sources\c99\common\nf_fputc.c estimated size: 150

mcc_generated_files/mcc.c
		_OSCILLATOR_Initialize		CODE           	2B48	0000	28
		_SYSTEM_Initialize		CODE           	2B64	0000	26

mcc_generated_files/mcc.c estimated size: 54

C:\Program Files\Microchip\xc8\v2.30\pic\sources\c99\common\strlen.c
		_strlen        		CODE           	2A1A	0000	54

C:\Program Files\Microchip\xc8\v2.30\pic\sources\c99\common\strlen.c estimated size: 54

C:\Program Files\Microchip\xc8\v2.30\pic\sources\c99\common\islower.c
		_islower       		CODE           	293C	0000	56

C:\Program Files\Microchip\xc8\v2.30\pic\sources\c99\common\islower.c estimated size: 56

C:\Program Files\Microchip\xc8\v2.30\pic\sources\c99\common\toupper.c
		_toupper       		CODE           	2708	0000	94

C:\Program Files\Microchip\xc8\v2.30\pic\sources\c99\common\toupper.c estimated size: 94

mcc_generated_files/spi2.c
		_SPI2_ExchangeByte		CODE           	2B7E	0000	26
		_SPI2_Open     		CODE           	243A	0000	172
		_SPI2_Initialize		CODE           	2BC2	0000	18
		_SPI2_Close    		CODE           	2C1E	0000	4

mcc_generated_files/spi2.c estimated size: 220

C:\Program Files\Microchip\xc8\v2.30\pic\sources\c99\common\isalpha.c
		_isalpha       		CODE           	28C8	0000	60

C:\Program Files\Microchip\xc8\v2.30\pic\sources\c99\common\isalpha.c estimated size: 60

C:\Program Files\Microchip\xc8\v2.30\pic\sources\c99\common\isspace.c
		_isspace       		CODE           	2766	0000	82

C:\Program Files\Microchip\xc8\v2.30\pic\sources\c99\common\isspace.c estimated size: 82

main.c
		_main          		CODE           	0052	0000	2464
		_myTMR0ISR     		CODE           	1F22	0000	274

main.c estimated size: 2738

sdCard.c
		_SDCARD_Initialize		CODE           	1C46	0000	376
		_hexDumpBuffer 		CODE           	1738	0000	492
		_SDCARD_PollWriteComplete		CODE           	2904	0000	56
		_SDCARD_ReadBlock		CODE           	24E6	0000	154
		_SDCARD_WriteBlock		CODE           	2616	0000	142

sdCard.c estimated size: 1220

C:\Program Files\Microchip\xc8\v2.30\pic\sources\c99\common\lomod.c
		___lomod       		CODE           	21F8	0000	208

C:\Program Files\Microchip\xc8\v2.30\pic\sources\c99\common\lomod.c estimated size: 208

